1: INVOKESTATIC_V <init>:()V@java.lang.Object, (R0)
1: INVOKEVIRTUAL_A T1, foo:()Ljava/lang/Object;@A, (R0)
3: INVOKEVIRTUAL_V println:(Ljava/lang/String;)V@java.io.PrintStream, (T6, T7)
6: INVOKEVIRTUAL_V println:(Ljava/lang/String;)V@java.io.PrintStream, (T4, T5)
1: INVOKEVIRTUAL_A T1, foo:()Ljava/lang/Object;@A, (R0)
1: INVOKEVIRTUAL_A T1, goo2:()Ljava/lang/Object;@A, (R0)
1: INVOKESTATIC_V test1:()V@A, ()
2: INVOKESTATIC_V test2:()V@A, ()
3: INVOKESTATIC_V <init>:()V@java.lang.Object, (T15)
7: INVOKESTATIC_V <init>:()V@java.lang.Object, (T17)
11: INVOKESTATIC_V <init>:(Ljava/lang/Object;Ljava/lang/Object;)V@A, (T19, R2, R3)
15: INVOKESTATIC_V <init>:(Ljava/lang/Object;Ljava/lang/Object;)V@B, (T21, R2, R3)
19: INVOKESTATIC_V <init>:(Ljava/lang/Object;Ljava/lang/Object;)V@C, (T23, R2, R3)
23: INVOKESTATIC_V <init>:(Ljava/lang/Object;Ljava/lang/Object;)V@D, (T25, R2, R3)
27: INVOKESTATIC_V <init>:(Ljava/lang/Object;Ljava/lang/Object;)V@E, (T27, R2, R3)
29: INVOKEVIRTUAL_A T28, bar:()Ljava/lang/Object;@A, (R4)
31: INVOKEVIRTUAL_A T29, bar:()Ljava/lang/Object;@A, (R5)
33: INVOKEVIRTUAL_A T30, bar:()Ljava/lang/Object;@A, (R6)
35: INVOKEVIRTUAL_A T31, bar:()Ljava/lang/Object;@A, (R7)
37: INVOKEVIRTUAL_A T32, bar:()Ljava/lang/Object;@A, (R8)
39: INVOKESTATIC_V check_alias:(Ljava/lang/Object;Ljava/lang/Object;)V@A, (R9, R10)
40: INVOKESTATIC_V check_alias:(Ljava/lang/Object;Ljava/lang/Object;)V@A, (R9, R11)
41: INVOKESTATIC_V check_alias:(Ljava/lang/Object;Ljava/lang/Object;)V@A, (R10, R11)
42: INVOKESTATIC_V check_alias:(Ljava/lang/Object;Ljava/lang/Object;)V@A, (R9, R12)
43: INVOKESTATIC_V check_alias:(Ljava/lang/Object;Ljava/lang/Object;)V@A, (R9, R13)
44: INVOKESTATIC_V check_alias:(Ljava/lang/Object;Ljava/lang/Object;)V@A, (R11, R13)
46: INVOKEVIRTUAL_V println:(Ljava/lang/String;)V@java.io.PrintStream, (T33, T34)
3: INVOKESTATIC_V <init>:()V@java.lang.Object, (T11)
7: INVOKESTATIC_V <init>:()V@java.lang.Object, (T13)
11: INVOKESTATIC_V <init>:()V@java.lang.Object, (T15)
15: INVOKESTATIC_V <init>:(Ljava/lang/Object;Ljava/lang/Object;)V@A, (T17, R2, R3)
19: INVOKESTATIC_V <init>:(Ljava/lang/Object;Ljava/lang/Object;Ljava/lang/Object;)V@B, (T19, R2, R3, R4)
23: INVOKESTATIC_V <init>:(Ljava/lang/Object;Ljava/lang/Object;Ljava/lang/Object;)V@C, (T21, R2, R3, R4)
27: INVOKESTATIC_V <init>:(Ljava/lang/Object;Ljava/lang/Object;Ljava/lang/Object;)V@D, (T23, R2, R3, R4)
31: INVOKESTATIC_V <init>:(Ljava/lang/Object;Ljava/lang/Object;Ljava/lang/Object;)V@E, (T25, R2, R3, R4)
33: INVOKESTATIC_V test2_helper:(LA;LA;LA;LA;LA;)V@A, (R5, R6, R7, R8, R9)
1: INVOKEVIRTUAL_A T15, goo:()Ljava/lang/Object;@A, (R0)
3: INVOKEVIRTUAL_A T16, goo:()Ljava/lang/Object;@A, (R1)
5: INVOKEVIRTUAL_A T17, goo:()Ljava/lang/Object;@A, (R2)
7: INVOKEVIRTUAL_A T18, goo:()Ljava/lang/Object;@A, (R3)
9: INVOKEVIRTUAL_A T19, goo:()Ljava/lang/Object;@A, (R4)
11: INVOKESTATIC_V check_alias:(Ljava/lang/Object;Ljava/lang/Object;)V@A, (R6, R7)
12: INVOKESTATIC_V check_alias:(Ljava/lang/Object;Ljava/lang/Object;)V@A, (R6, R8)
13: INVOKESTATIC_V check_alias:(Ljava/lang/Object;Ljava/lang/Object;)V@A, (R6, R9)
14: INVOKESTATIC_V check_alias:(Ljava/lang/Object;Ljava/lang/Object;)V@A, (R6, R10)
15: INVOKESTATIC_V check_alias:(Ljava/lang/Object;Ljava/lang/Object;)V@A, (R7, R8)
16: INVOKESTATIC_V check_alias:(Ljava/lang/Object;Ljava/lang/Object;)V@A, (R7, R9)
17: INVOKESTATIC_V check_alias:(Ljava/lang/Object;Ljava/lang/Object;)V@A, (R7, R10)
18: INVOKESTATIC_V check_alias:(Ljava/lang/Object;Ljava/lang/Object;)V@A, (R8, R9)
19: INVOKESTATIC_V check_alias:(Ljava/lang/Object;Ljava/lang/Object;)V@A, (R8, R10)
20: INVOKESTATIC_V check_alias:(Ljava/lang/Object;Ljava/lang/Object;)V@A, (R9, R10)
22: INVOKEVIRTUAL_V println:(Ljava/lang/String;)V@java.io.PrintStream, (T20, T11)
24: INVOKEVIRTUAL_A T21, goo2:()Ljava/lang/Object;@A, (R2)
26: INVOKEVIRTUAL_A T22, goo2:()Ljava/lang/Object;@A, (R4)
28: INVOKEVIRTUAL_A T23, goo3:()Ljava/lang/Object;@A, (R2)
30: INVOKESTATIC_V check_alias:(Ljava/lang/Object;Ljava/lang/Object;)V@A, (R6, R12)
31: INVOKESTATIC_V check_alias:(Ljava/lang/Object;Ljava/lang/Object;)V@A, (R6, R13)
32: INVOKESTATIC_V check_alias:(Ljava/lang/Object;Ljava/lang/Object;)V@A, (R6, R14)
1: INVOKESTATIC_V <init>:(Ljava/lang/Object;Ljava/lang/Object;)V@A, (R0, R1, R2)
4: INVOKESTATIC_V <init>:()V@java.lang.Object, (T4)
1: INVOKESTATIC_V <init>:(Ljava/lang/Object;Ljava/lang/Object;)V@A, (R0, R1, R2)
3: INVOKESTATIC_V <init>:()V@java.lang.Object, (T2)
1: INVOKEVIRTUAL_A T3, baz:()Ljava/lang/Object;@B, (R0)
1: INVOKESTATIC_V <init>:(Ljava/lang/Object;Ljava/lang/Object;)V@B, (R0, R1, R2)
1: INVOKESTATIC_V <init>:(Ljava/lang/Object;Ljava/lang/Object;Ljava/lang/Object;)V@B, (R0, R1, R2, R3)
1: INVOKEVIRTUAL_A T1, baz:()Ljava/lang/Object;@C, (R0)
1: INVOKESTATIC_V <init>:(Ljava/lang/Object;Ljava/lang/Object;)V@B, (R0, R1, R2)
4: INVOKESTATIC_V <init>:()V@java.lang.Object, (T4)
1: INVOKESTATIC_V <init>:(Ljava/lang/Object;Ljava/lang/Object;)V@B, (R0, R1, R2)
1: INVOKESTATIC_V <init>:(Ljava/lang/Object;Ljava/lang/Object;)V@C, (R0, R1, R2)
1: INVOKESTATIC_V <init>:(Ljava/lang/Object;Ljava/lang/Object;)V@C, (R0, R1, R2)
4: INVOKESTATIC_V <init>:()V@java.lang.Object, (T5)
