main:([Ljava/lang/String;)V@A
<init>:(Ljava/lang/Object;Ljava/lang/Object;)V@A
bar:()Ljava/lang/Object;@A
check_alias:(Ljava/lang/Object;Ljava/lang/Object;)V@A
foo:()Ljava/lang/Object;@A
goo:()Ljava/lang/Object;@A
goo2:()Ljava/lang/Object;@A
goo3:()Ljava/lang/Object;@A
test1:()V@A
test2:()V@A
test2_helper:(LA;LA;LA;LA;LA;)V@A
<init>:(Ljava/lang/Object;Ljava/lang/Object;)V@B
<init>:(Ljava/lang/Object;Ljava/lang/Object;Ljava/lang/Object;)V@B
baz:()Ljava/lang/Object;@B
foo:()Ljava/lang/Object;@B
goo:()Ljava/lang/Object;@B
goo2:()Ljava/lang/Object;@B
<init>:(Ljava/lang/Object;Ljava/lang/Object;)V@C
<init>:(Ljava/lang/Object;Ljava/lang/Object;Ljava/lang/Object;)V@C
baz:()Ljava/lang/Object;@C
foo:()Ljava/lang/Object;@C
goo:()Ljava/lang/Object;@C
<init>:(Ljava/lang/Object;Ljava/lang/Object;)V@D
<init>:(Ljava/lang/Object;Ljava/lang/Object;Ljava/lang/Object;)V@D
<init>:(Ljava/lang/Object;Ljava/lang/Object;)V@E
<init>:(Ljava/lang/Object;Ljava/lang/Object;Ljava/lang/Object;)V@E
goo:()Ljava/lang/Object;@E
println:(Ljava/lang/String;)V@java.io.PrintStream
<clinit>:()V@java.lang.Object
<init>:()V@java.lang.Object
<clinit>:()V@java.lang.System
