R0!<init>:(Ljava/lang/Object;Ljava/lang/Object;)V@A
R1!<init>:(Ljava/lang/Object;Ljava/lang/Object;)V@A
R2!<init>:(Ljava/lang/Object;Ljava/lang/Object;)V@A
R0!bar:()Ljava/lang/Object;@A
T1!bar:()Ljava/lang/Object;@A
R0!check_alias:(Ljava/lang/Object;Ljava/lang/Object;)V@A
R1!check_alias:(Ljava/lang/Object;Ljava/lang/Object;)V@A
T6!check_alias:(Ljava/lang/Object;Ljava/lang/Object;)V@A
T7!check_alias:(Ljava/lang/Object;Ljava/lang/Object;)V@A
T4!check_alias:(Ljava/lang/Object;Ljava/lang/Object;)V@A
T5!check_alias:(Ljava/lang/Object;Ljava/lang/Object;)V@A
R0!foo:()Ljava/lang/Object;@A
T1!foo:()Ljava/lang/Object;@A
R0!goo:()Ljava/lang/Object;@A
T1!goo:()Ljava/lang/Object;@A
R0!goo2:()Ljava/lang/Object;@A
T1!goo2:()Ljava/lang/Object;@A
R0!goo3:()Ljava/lang/Object;@A
T1!goo3:()Ljava/lang/Object;@A
R0!main:([Ljava/lang/String;)V@A
T14!test1:()V@A
T15!test1:()V@A
R2!test1:()V@A
T16!test1:()V@A
T17!test1:()V@A
R3!test1:()V@A
T18!test1:()V@A
T19!test1:()V@A
R4!test1:()V@A
T20!test1:()V@A
T21!test1:()V@A
R5!test1:()V@A
T22!test1:()V@A
T23!test1:()V@A
R6!test1:()V@A
T24!test1:()V@A
T25!test1:()V@A
R7!test1:()V@A
T26!test1:()V@A
T27!test1:()V@A
R8!test1:()V@A
T28!test1:()V@A
R9!test1:()V@A
T29!test1:()V@A
R10!test1:()V@A
T30!test1:()V@A
R11!test1:()V@A
T31!test1:()V@A
R12!test1:()V@A
T32!test1:()V@A
R13!test1:()V@A
T33!test1:()V@A
T34!test1:()V@A
T10!test2:()V@A
T11!test2:()V@A
R2!test2:()V@A
T12!test2:()V@A
T13!test2:()V@A
R3!test2:()V@A
T14!test2:()V@A
T15!test2:()V@A
R4!test2:()V@A
T16!test2:()V@A
T17!test2:()V@A
R5!test2:()V@A
T18!test2:()V@A
T19!test2:()V@A
R6!test2:()V@A
T20!test2:()V@A
T21!test2:()V@A
R7!test2:()V@A
T22!test2:()V@A
T23!test2:()V@A
R8!test2:()V@A
T24!test2:()V@A
T25!test2:()V@A
R9!test2:()V@A
R0!test2_helper:(LA;LA;LA;LA;LA;)V@A
R1!test2_helper:(LA;LA;LA;LA;LA;)V@A
R2!test2_helper:(LA;LA;LA;LA;LA;)V@A
R3!test2_helper:(LA;LA;LA;LA;LA;)V@A
R4!test2_helper:(LA;LA;LA;LA;LA;)V@A
T15!test2_helper:(LA;LA;LA;LA;LA;)V@A
R6!test2_helper:(LA;LA;LA;LA;LA;)V@A
T16!test2_helper:(LA;LA;LA;LA;LA;)V@A
R7!test2_helper:(LA;LA;LA;LA;LA;)V@A
T17!test2_helper:(LA;LA;LA;LA;LA;)V@A
R8!test2_helper:(LA;LA;LA;LA;LA;)V@A
T18!test2_helper:(LA;LA;LA;LA;LA;)V@A
R9!test2_helper:(LA;LA;LA;LA;LA;)V@A
T19!test2_helper:(LA;LA;LA;LA;LA;)V@A
R10!test2_helper:(LA;LA;LA;LA;LA;)V@A
T20!test2_helper:(LA;LA;LA;LA;LA;)V@A
T11!test2_helper:(LA;LA;LA;LA;LA;)V@A
T21!test2_helper:(LA;LA;LA;LA;LA;)V@A
R12!test2_helper:(LA;LA;LA;LA;LA;)V@A
T22!test2_helper:(LA;LA;LA;LA;LA;)V@A
R13!test2_helper:(LA;LA;LA;LA;LA;)V@A
T23!test2_helper:(LA;LA;LA;LA;LA;)V@A
R14!test2_helper:(LA;LA;LA;LA;LA;)V@A
R0!<init>:(Ljava/lang/Object;Ljava/lang/Object;)V@B
R1!<init>:(Ljava/lang/Object;Ljava/lang/Object;)V@B
R2!<init>:(Ljava/lang/Object;Ljava/lang/Object;)V@B
T3!<init>:(Ljava/lang/Object;Ljava/lang/Object;)V@B
T4!<init>:(Ljava/lang/Object;Ljava/lang/Object;)V@B
R0!<init>:(Ljava/lang/Object;Ljava/lang/Object;Ljava/lang/Object;)V@B
R1!<init>:(Ljava/lang/Object;Ljava/lang/Object;Ljava/lang/Object;)V@B
R2!<init>:(Ljava/lang/Object;Ljava/lang/Object;Ljava/lang/Object;)V@B
R3!<init>:(Ljava/lang/Object;Ljava/lang/Object;Ljava/lang/Object;)V@B
R0!baz:()Ljava/lang/Object;@B
T1!baz:()Ljava/lang/Object;@B
T2!baz:()Ljava/lang/Object;@B
R0!foo:()Ljava/lang/Object;@B
T3!foo:()Ljava/lang/Object;@B
R2!foo:()Ljava/lang/Object;@B
T4!foo:()Ljava/lang/Object;@B
R0!goo:()Ljava/lang/Object;@B
T1!goo:()Ljava/lang/Object;@B
R0!goo2:()Ljava/lang/Object;@B
T1!goo2:()Ljava/lang/Object;@B
R0!<init>:(Ljava/lang/Object;Ljava/lang/Object;)V@C
R1!<init>:(Ljava/lang/Object;Ljava/lang/Object;)V@C
R2!<init>:(Ljava/lang/Object;Ljava/lang/Object;)V@C
R0!<init>:(Ljava/lang/Object;Ljava/lang/Object;Ljava/lang/Object;)V@C
R1!<init>:(Ljava/lang/Object;Ljava/lang/Object;Ljava/lang/Object;)V@C
R2!<init>:(Ljava/lang/Object;Ljava/lang/Object;Ljava/lang/Object;)V@C
R3!<init>:(Ljava/lang/Object;Ljava/lang/Object;Ljava/lang/Object;)V@C
R0!baz:()Ljava/lang/Object;@C
T1!baz:()Ljava/lang/Object;@C
R0!foo:()Ljava/lang/Object;@C
T1!foo:()Ljava/lang/Object;@C
R0!goo:()Ljava/lang/Object;@C
T3!goo:()Ljava/lang/Object;@C
T2!goo:()Ljava/lang/Object;@C
T4!goo:()Ljava/lang/Object;@C
R0!<init>:(Ljava/lang/Object;Ljava/lang/Object;)V@D
R1!<init>:(Ljava/lang/Object;Ljava/lang/Object;)V@D
R2!<init>:(Ljava/lang/Object;Ljava/lang/Object;)V@D
T3!<init>:(Ljava/lang/Object;Ljava/lang/Object;)V@D
T4!<init>:(Ljava/lang/Object;Ljava/lang/Object;)V@D
R0!<init>:(Ljava/lang/Object;Ljava/lang/Object;Ljava/lang/Object;)V@D
R1!<init>:(Ljava/lang/Object;Ljava/lang/Object;Ljava/lang/Object;)V@D
R2!<init>:(Ljava/lang/Object;Ljava/lang/Object;Ljava/lang/Object;)V@D
R3!<init>:(Ljava/lang/Object;Ljava/lang/Object;Ljava/lang/Object;)V@D
R0!<init>:(Ljava/lang/Object;Ljava/lang/Object;)V@E
R1!<init>:(Ljava/lang/Object;Ljava/lang/Object;)V@E
R2!<init>:(Ljava/lang/Object;Ljava/lang/Object;)V@E
R0!<init>:(Ljava/lang/Object;Ljava/lang/Object;Ljava/lang/Object;)V@E
R1!<init>:(Ljava/lang/Object;Ljava/lang/Object;Ljava/lang/Object;)V@E
R2!<init>:(Ljava/lang/Object;Ljava/lang/Object;Ljava/lang/Object;)V@E
R3!<init>:(Ljava/lang/Object;Ljava/lang/Object;Ljava/lang/Object;)V@E
T4!<init>:(Ljava/lang/Object;Ljava/lang/Object;Ljava/lang/Object;)V@E
T5!<init>:(Ljava/lang/Object;Ljava/lang/Object;Ljava/lang/Object;)V@E
R0!goo:()Ljava/lang/Object;@E
T3!goo:()Ljava/lang/Object;@E
T2!goo:()Ljava/lang/Object;@E
T4!goo:()Ljava/lang/Object;@E
R0!println:(Ljava/lang/String;)V@java.io.PrintStream
R1!println:(Ljava/lang/String;)V@java.io.PrintStream
R0!<init>:()V@java.lang.Object
